/home 235.313.352.950
/contact 184.123.665.067
/contact 543.910.244.929